---
source: tests/integration_tui_snapshots.rs
expression: rendered
---
 [/url]  [GET]  [POST]  [PUT]  [DELETE]  [PATCH]  [2xx]  [3xx]  [4xx]  [5xx]  [p]  [c clear]
┌ Requests (1) ────────────────────────────────┐┌ Detail ──────────────────────────────────────────────────────────────┐
│▸ 12:00:00 GET    200     5ms /large       [y]││Method:   GET                                                        █│
│                                              ││URL:      https://api.example.com/large                              █│
│                                              ││Status:   200   Duration: 5ms                                        █│
│                                              ││                                                                     █│
│                                              ││▾ Request Headers                                                    █│
│                                              ││  (none)                                                             █│
│                                              ││                                                                     █│
│                                              ││▾ Request Body                                                       █│
│                                              ││  (empty)                                                            █│
│                                              ││                                                                     █│
│                                              ││▾ Response Headers                                                   █│
│                                              ││  (none)                                                             █│
│                                              ││                                                                     █│
│                                              ││▾ Response Body                                                      █│
│                                              ││  {"giant":"xxxxxxxxxxxxxxxxxxxxxxxxxxxxxxxxxxxxxxxxxxxxxxxxxxxxxxxxx█│
│                                              ││xxxxxxxxxxxxxxxxxxxxxxxxxxxxxxxxxxxxxxxxxxxxxxxxxxxxxxxxxxxxxxxxxxxxx█│
│                                              ││xxxxxxxxxxxxxxxxxxxxxxxxxxxxxxxxxxxxxxxxxxxxxxxxxxxxxxxxxxxxxxxxxxxxx█│
│                                              ││xxxxxxxxxxxxxxxxxxxxxxxxxxxxxxxxxxxxxxxxxxxxxxxxxxxxxxxxxxxxxxxxxxxxx█│
│                                              ││xxxxxxxxxxxxxxxxxxxxxxxxxxxxxxxxxxxxxxxxxxxxxxxxxxxxxxxxxxxxxxxxxxxxx█│
│                                              ││xxxxxxxxxxxxxxxxxxxxxxxxxxxxxxxxxxxxxxxxxxxxxxxxxxxxxxxxxxxxxxxxxxxxx█│
│                                              ││xxxxxxxxxxxxxxxxxxxxxxxxxxxxxxxxxxxxxxxxxxxxxxxxxxxxxxxxxxxxxxxxxxxxx█│
│                                              ││xxxxxxxxxxxxxxxxxxxxxxxxxxxxxxxxxxxxxxxxxxxxxxxxxxxxxxxxxxxxxxxxxxxxx█│
│                                              ││xxxxxxxxxxxxxxxxxxxxxxxxxxxxxxxxxxxxxxxxxxxxxxxxxxxxxxxxxxxxxxxxxxxxx█│
│                                              ││xxxxxxxxxxxxxxxxxxxxxxxxxxxxxxxxxxxxxxxxxxxxxxxxxxxxxxxxxxxxxxxxxxxxx█│
│                                              ││xxxxxxxxxxxxxxxxxxxxxxxxxxxxxxxxxxxxxxxxxxxxxxxxxxxxxxxxxxxxxxxxxxxxx█│
│                                              ││xxxxxxxxxxxxxxxxxxxxxxxxxxxxxxxxxxxxxxxxxxxxxxxxxxxxxxxxxxxxxxxxxxxxx║│
│                                              ││xxxxxxxxxxxxxxxxxxxxxxxxxxxxxxxxxxxxxxxxxxxxxxxxxxxxxxxxxxxxxxxxxxxxx║│
│                                              ││xxxxxxxxxxxxxxxxxxxxxxxxxxxxxxxxxxxxxxxxxxxxxxxxxxxxxxxxxxxxxxxxxxxxx║│
│                                              ││xxxxxxxxxxxxxxxxxxxxxxxxxxxxxxxxxxxxxxxxxxxxxxxxxxxxxxxxxxxxxxxxxxxxx║│
│                                              ││xxxxxxxxxxxxxxxxxxxxxxxxxxxxxxxxxxxxxxxxxxxxxxxxxxxxxxxxxxxxxxxxxxxxx║│
│                                              ││xxxxxxxxxxxxxxxxxxxxxxxxxxxxxxxxxxxxxxxxxxxxxxxxxxxxxxxxxxxxxxxxxxxxx║│
│                                              ││xxxxxxxxxxxxxxxxxxxxxxxxxxxxxxxxxxxxxxxxxxxxxxxxxxxxxxxxxxxxxxxxxxxxx║│
│                                              ││xxxxxxxxxxxxxxxxxxxxxxxxxxxxxxxxxxxxxxxxxxxxxxxxxxxxxxxxxxxxxxxxxxxxx║│
│                                              ││xxxxxxxxxxxxxxxxxxxxxxxxxxxxxxxxxxxxxxxxxxxxxxxxxxxxxxxxxxxxxxxxxxxxx║│
│                                              ││xxxxxxxxxxxxxxxxxxxxxxxxxxxxxxxxxxxxxxxxxxxxxxxxxxxxxxxxxxxxxxxxxxxxx║│
└──────────────────────────────────────────────┘└──────────────────────────────────────────────────────────────────────┘
 rustotron  mock data — 1 rows — not connected to any server  —  mem: 12.3 MB
 q/Ctrl+C: quit · tab: pane · j/k or ↑/↓: nav (list) / scroll body (detail) · PgUp/PgDn: body · / url · 1-5 methods · Al
