---
source: tests/integration_tui_snapshots.rs
expression: rendered
---
 [/url]  [GET]  [POST]  [PUT]  [DELETE]  [PATCH]  [2xx]  [3xx]  [4xx]  [5xx]  [p]  [c clear]
┌ Requests (0) ────────────────────────────────┐┌ Detail ──────────────────────────────────────────────────────────────┐
│       waiting for an RN app to connect…      ││                         (no request selected)                        │
│                                              ││                                                                      │
│                                              ││                                                                      │
│                                              ││                                                                      │
│                                              ││                                                                      │
│                                              ││                                                                      │
│                                              ││                                                                      │
│                                              ││                                                                      │
│                                              ││                                                                      │
│                                              ││                                                                      │
│                                              ││                                                                      │
│                                              ││                                                                      │
│                                              ││                                                                      │
│                                              ││                                                                      │
│                                              ││                                                                      │
│                                              ││                                                                      │
│                                              ││                                                                      │
│                                              ││                                                                      │
│                                              ││                                                                      │
│                                              ││                                                                      │
│                                              ││                                                                      │
│                                              ││                                                                      │
│                                              ││                                                                      │
│                                              ││                                                                      │
│                                              ││                                                                      │
│                                              ││                                                                      │
│                                              ││                                                                      │
│                                              ││                                                                      │
│                                              ││                                                                      │
│                                              ││                                                                      │
│                                              ││                                                                      │
│                                              ││                                                                      │
│                                              ││                                                                      │
│                                              ││                                                                      │
│                                              ││                                                                      │
└──────────────────────────────────────────────┘└──────────────────────────────────────────────────────────────────────┘
 rustotron  listening on ws://127.0.0.1:9090  —  clients: 0  —  rows: 0  —  mem: 12.3 MB
 q/Ctrl+C: quit · tab: pane · j/k or ↑/↓: nav (list) / scroll body (detail) · PgUp/PgDn: body · / url · 1-5 methods · Al
